[ 2026-08-28 03:33:23 ] === watchdog starting (pid 927564), episode_budget=4500s ===
[ 2026-08-28 03:33:23 ] model=MiniMaxAI/MiniMax-M3 provider=gmi profile=juggling-tracker hermes=/home/it-admin/.local/bin/hermes
[ 2026-08-28 03:33:23 ] lab_dir=/home/it-admin/projects/juggling-yolo-hand-occlusion-night/experiments/hand_occlusion_overnight
[ 2026-08-28 03:33:23 ] systemd-run --user --scope is usable; workers will run inside a transient cgroup memory scope
[ 2026-08-28 03:33:23 ] episode: starting fresh MiniMax worker
[ 2026-08-28 03:33:23 ] episode: command => hermes chat -p juggling-tracker --provider gmi --model MiniMaxAI/MiniMax-M3 --reasoning ultra --in <worktree_root> --query-file /home/it-admin/projects/juggling-yolo-hand-occlusion-night/experiments/hand_occlusion_overnight/worker_prompt.txt (provider=gmi, per-model override MiniMaxAI/MiniMax-M3=ultra)
[ 2026-08-28 03:33:23 ] episode: launching inside transient systemd user scope (MemoryHigh=4G, MemoryMax=6G, MemorySwapMax=2G)
[ 2026-08-28 03:33:23 ] episode: launched wrapper pid=927592
Query: Continue the autonomous hand-occlusion overnight research lab in this 
worktree.

FIRST read (in this order):
1. `experiments/hand_occlusion_overnight/MASTER_INSTRUCTIONS.md`
2. `experiments/hand_occlusion_overnight/STATE.md`
3. `experiments/hand_occlusion_overnight/PLAN.md`
4. `experiments/hand_occlusion_overnight/RESULTS_LOG.md`
5. `experiments/hand_occlusion_overnight/RESEARCH_NOTES.md`
6. `git status` and `git log --oneline -20`

Also skim the existing overnight research for context (read-only):
- `experiments/overnight/RESULTS_LOG.md`
- `experiments/overnight/reports/`
- `experiments/overnight/scripts/`
- `experiments/overnight/data/`

You are running as a fresh research episode invoked by the watchdog. Each 
episode is
capped (~75 min wall-clock) and may be killed at any time. Assume prior context 
is
lost — STATE.md and the persistent files are your real memory.

Actually use tools and perform research; do not merely describe what you would 
do.
Continue from the recorded next action in `STATE.md`.

When feasible, complete at least one full cycle:
HYPOTHESIS → smallest implementation → measurement → visual inspection → verdict
→
documentation → commit/push → next hypothesis.

Update persistent files frequently. Commit and push useful progress. Never throw
away interrupted work; checkpoint it and continue.

If the supplied research queue is exhausted, search the web for relevant methods
(multi-object tracking through occlusion, hand-object interaction, object 
permanence,
handoff tracking, ByteTrack-style second-tier association, min-cost flow, factor
graphs, physics-informed tracking, JPDA, offline trajectory smoothing, occlusion
reasoning) and turn promising ideas into isolated experiments. Record sources in
`RESEARCH_NOTES.md`.

Strict isolation rules:
- Stay on branch `experiments/hand-occlusion-overnight`.
- All new work under `experiments/hand_occlusion_overnight/`.
- Do not modify production tracking (`scripts/`, `videos/`) or 
`experiments/overnight/`.
- Do not merge, rebase, force-push, or rewrite main.
- Do not run `git reset --hard` or `git clean -fd` on user work.
- Do not decode entire videos into RAM. Process videos sequentially. Stream 
frames.
- Do not launch parallel video jobs. Do not leave browsers open. Do not download
  large models.

Before starting any new experiment, check whether
`experiments/hand_occlusion_overnight/STOP` exists. If it does:
1. checkpoint useful work,
2. update STATE.md / RESULTS_LOG.md / PLAN.md,
3. commit and push if appropriate,
4. exit cleanly. Never delete the STOP file.

Do not ask the human questions. The human is sleeping. Make conservative 
decisions
yourself; if blocked, try another research route.

Initializing agent...
────────────────────────────────────────

[33m⚠ Deprecated .env settings detected:[0m
  [33m⚠[0m TERMINAL_CWD=/home/it-admin/.hermes/profiles/juggling-tracker/workspace/juggling-yolo/experiments/overnight/reports found in .env — this is deprecated.
  [2mMove to config.yaml instead:  terminal:\n    cwd: /your/project/path[0m
  [2mThen remove the old entries from ~/.hermes/profiles/juggling-tracker/.env[0m


╭─ ⚕ Hermes ───────────────────────────────────────────────────────────────────╮
I'll start by reading the persistent state files to understand where this research episode should pick up.
╰──────────────────────────────────────────────────────────────────────────────╯
  ┊ 📖 preparing read_file…
  ┊ 📖 preparing read_file…
  ┊ 📖 preparing read_file…
  ┊ 📖 preparing read_file…
  ┊ 📖 preparing read_file…
  ┊ 💻 preparing terminal…
  ┊ 📖 read      MASTER_INSTRUCTIONS.md  0.2s [File not found: MASTER_INSTRUCTIONS.md]
  ┊ 📖 read      STATE.md  0.2s [File not found: STATE.md]
  ┊ 📖 read      PLAN.md  0.2s [error]
  ┊ 📖 read      RESULTS_LOG.md  0.2s [error]
  ┊ 📖 read      RESEARCH_NOTES.md  0.2s [error]
  ┊ 💻 $         git status + 2 commands  0.0s

╭─ ⚕ Hermes ───────────────────────────────────────────────────────────────────╮
The files don't exist. Let me check the actual state of the workspace and branch.
╰──────────────────────────────────────────────────────────────────────────────╯
  ┊ 💻 preparing terminal…
  ┊ 💻 $         pwd + 3 commands  0.1s

╭─ ⚕ Hermes ───────────────────────────────────────────────────────────────────╮
The experiments/hand_occlusion_overnight/ directory doesn't exist on the current branch, but there's a remote branch experiments/hand-occlusion-overnight. The MASTER_INSTRUCTIONS explicitly requires me to stay on that branch. Let me check it out.
╰──────────────────────────────────────────────────────────────────────────────╯
  ┊ 💻 preparing terminal…
  ┊ 💻 $         git fetch origin experiments/hand-occlusion-overnight + 1 command  0.6s

╭─ ⚕ Hermes ───────────────────────────────────────────────────────────────────╮
The branch has the expected files. I need to switch to it. Let me also check the worker_prompt.txt for any additional context.
╰──────────────────────────────────────────────────────────────────────────────╯
  ┊ 💻 preparing terminal…
  ┊ 💻 $         git checkout experiments/hand-occlusion-overnight + 1 command  0.0s [exit 2]

╭─ ⚕ Hermes ───────────────────────────────────────────────────────────────────╮
There's another worktree already using this branch. Let me check what's there.
╰──────────────────────────────────────────────────────────────────────────────╯
  ┊ 💻 preparing terminal…
  ┊ 💻 $         git worktree list + 1 command  0.0s

╭─ ⚕ Hermes ───────────────────────────────────────────────────────────────────╮
There's a separate worktree already on the right branch. The instructions say I should work in the workspace directory and the worktree has the actual branch state. Let me use that worktree.
╰──────────────────────────────────────────────────────────────────────────────╯
  ┊ 💻 preparing terminal…
  ┊ 💻 $         ls -la /home/it-admin/projects/juggling-yolo-hand-occlusion-night/experiments/hand_occlusion_overnight/ 2>/dev/null + 1 command  0.0s [exit 2]

╭─ ⚕ Hermes ───────────────────────────────────────────────────────────────────╮
Good — no STOP file, files exist. The instructions say "Stay on branch experiments/hand-occlusion-overnight. All new work under experiments/hand_occlusion_overnight/." I need to work in the worktree that already has the branch checked out. Let me read the files.
╰──────────────────────────────────────────────────────────────────────────────╯
  ┊ 📖 preparing read_file…
  ┊ 📖 preparing read_file…
  ┊ 📖 preparing read_file…
  ┊ 📖 preparing read_file…
  ┊ 📖 preparing read_file…
  ┊ 📖 preparing read_file…
  ┊ 💻 preparing terminal…
  ┊ 📖 read      MASTER_INSTRUCTIONS.md  0.1s
  ┊ 📖 read      STATE.md  0.1s
  ┊ 📖 read      PLAN.md  0.1s
  ┊ 📖 read      RESULTS_LOG.md  0.1s
  ┊ 📖 read      RESEARCH_NOTES.md  0.1s
  ┊ 📖 read      SETUP_NOTES.md  0.1s
  ┊ 💻 $         git status + 2 commands  0.0s

╭─ ⚕ Hermes ───────────────────────────────────────────────────────────────────╮
Now I have full context. Let me also finish reading the MASTER_INSTRUCTIONS (truncated at line 500 of 781), check the watchdog, and look at existing artifacts.
╰──────────────────────────────────────────────────────────────────────────────╯
  ┊ 📖 preparing read_file…
  ┊ 💻 preparing terminal…
  ┊ 💻 preparing terminal…
  ┊ 📖 read      MASTER_INSTRUCTIONS.md L500-799  0.1s
  ┊ 💻 $         cat /home/it-admin/projects/juggling-yolo-hand-occlusion-night/experiments/hand_occlusion_overnight/watchdog.log 2>/dev/null + 3 commands  0.1s
  ┊ 💻 $         ls -la /home/it-admin/projects/juggling-yolo-hand-occlusion-night/experiments/overnight/ 2>/dev/null + 3 commands  0.1s

╭─ ⚕ Hermes ───────────────────────────────────────────────────────────────────╮
Good — the watchdog is running, the worktree is on the correct branch. The previous worker is THIS worker (PID 927564 is the watchdog that just launched me). Let me set up a working plan and explore the existing artifacts.
╰──────────────────────────────────────────────────────────────────────────────╯
  ┊ 📋 preparing todo…
  ┊ 📖 preparing read_file…
  ┊ 📖 preparing read_file…
  ┊ 📋 plan      7 task(s)  0.0s
  ┊ 📖 read      e6c_report.md  0.1s
  ┊ 📖 read      e7a_report.md  0.1s
  ┊ 💻 preparing terminal…
  ┊ 📖 preparing read_file…
  ┊ 📖 preparing read_file…
  ┊ 💻 $         ls /home/it-admin/projects/juggling-yolo-hand-occlusion-night/experiments/overnight/reports/ + 2 commands  0.1s
  ┊ 📖 read      e9c_report.md  0.1s [File not found: e9c_report.md]
  ┊ 📖 read      e11_report.md  0.1s [File not found: e11_report.md]
  ┊ 💻 preparing terminal…
  ┊ 💻 preparing terminal…
  ┊ 💻 $         head -5 /home/it-admin/projects/juggling-yolo-hand-occlusion-night/experiments/overnight/data/e7a_hand_events.csv + 2 commands  0.1s
  ┊ 💻 $         ls /home/it-admin/projects/juggling-yolo-hand-occlusion-night/detections/ + 2 commands  0.0s

╭─ ⚕ Hermes ───────────────────────────────────────────────────────────────────╮
Good — I have the data format. Let me look at one full record from each file, and check existing e7a hand event script for reference.
╰──────────────────────────────────────────────────────────────────────────────╯
  ┊ 💻 preparing terminal…
  ┊ 📖 preparing read_file…
  ┊ 💻 $         head -2 /home/it-admin/projects/juggling-yolo-hand-occlusion-night/detections/youtube_juggling_for_data_analysis_eh1I3SlZn48_075_090_yolo26s-pose.csv + 2 commands  0.0s
  ┊ 📖 read      e7a_hand_events.py  0.1s

╭─ ⚕ Hermes ───────────────────────────────────────────────────────────────────╮
Excellent — I have a very clear picture. I can reuse the e7a infrastructure. Let me also look at the e3c/e9c helpers to understand observed_masked_legacy and check the stitch review labels format.
╰──────────────────────────────────────────────────────────────────────────────╯
  ┊ 💻 preparing terminal…
  ┊ 📖 preparing read_file…
  ┊ 💻 $         head -3 /home/it-admin/projects/juggling-yolo-hand-occlusion-night/detections/stitch_review_labels.csv + 4 commands  0.1s
  ┊ 📖 read      e3_shared_gravity.py  0.1s

╭─ ⚕ Hermes ───────────────────────────────────────────────────────────────────╮
Now I have enough to start. Let me check the e1b ballistic helper and understand what tracklet IDs we have.
╰──────────────────────────────────────────────────────────────────────────────╯
  ┊ 💻 preparing terminal…
  ┊ 📖 preparing read_file…
  ┊ 💻 $         head -1 /home/it-admin/projects/juggling-yolo-hand-occlusion-night/detections/identical_balls_trick_000_018_norfair.csv + 2 commands  0.1s
  ┊ 📖 read      e7b_hand_rescue.py  0.1s

╭─ ⚕ Hermes ───────────────────────────────────────────────────────────────────╮
Now I have a complete picture. Let me set up the H1 directory and start implementing. The pattern is clear: load tracklets, load wrists, compute per-tracklet endpoint metrics, then run a state machine.
╰──────────────────────────────────────────────────────────────────────────────╯
  ┊ 📋 preparing todo…
  ┊ 💻 preparing terminal…
  ┊ 📋 plan      2/7 task(s)  0.0s
  ┊ 💻 $         mkdir -p /home/it-admin/projects/juggling-yolo-hand-occlusion-night/experiments/hand_occlusion_overnight/h1_hand_pool/data /home/it-admin/projects/juggling-yolo-hand-occlusion-night/experiments/hand_occlusion_overnight/h1_hand_pool/scripts /home/it-admin/projects/juggling-yolo-hand-occlusion-night/experiments/hand_occlusion_overnight/h1_hand_pool/reports /home/it-admin/projects/juggling-yolo-hand-occlusion-night/experiments/hand_occlusion_overnight/h1_hand_pool/contact_sheets + 1 command  0.0s

╭─ ⚕ Hermes ───────────────────────────────────────────────────────────────────╮
Now I'll write the H1 baseline. The key design decisions are:

1. First-stage thresholds from physical geometry (NOT from labels):
   - Catch proximity: ball center within a reasonable wrist distance — I'll use 0.15 × image_height (≈108 px at 720) as a generous boundary. That covers ~5–10 cm of a juggling-ball scale.
   - Catch approach: end-window distance slope < -0.5 px/frame (a 5-frame window should drop at least 2.5 px) — based on real catch dynamics.
   - Throw proximity: starting within the same radius.
   - Throw divergence: first-window slope > +0.5 px/frame.
   - Hand coverage: pose confidence ≥ 0.5 (existing convention).

2. State machine: For each video chronologically, for each frame, for each hand, maintain a token FIFO stack. When a catch is recorded, push a token with arrival metadata. When a throw is recorded, pop a token if any, mark identity_ambiguous if stack depth > 1.

3. Edge conflict tracking: a tracklet may have multiple plausible successors — record but don't pre-resolve.
╰──────────────────────────────────────────────────────────────────────────────╯
  ┊ ✍️ preparing write_file…
  ┊ ✍️  write     /home/it-admin/projects/juggling-yolo-hand-occlusion-night/experiments/hand_occlusion_overnight/h1_hand_pool/scripts/h1_hand_pool.py  1.0s
  ┊ review diff
a/experiments/hand_occlusion_overnight/h1_hand_pool/scripts/h1_hand_pool.py → b/experiments/hand_occlusion_overnight/h1_hand_pool/scripts/h1_hand_pool.py
@@ -0,0 +1,897 @@
+#!/usr/bin/env python3
+"""H1 — Hand-pool baseline state machine.
+
+A hand-occlusion-aware chronological pass over observed tracklets that maintains a
+per-hand FIFO token stack and emits:
+- hand_events.csv        per-frame hand-pool transitions
+- hand_inventory.csv     per-hand snapshot of token stack depth + entries/exits
+- hand_links.csv         proposed hand-transition links (with provenance)
+- tracklet_features.csv  per-tracklet endpoint/start features used as evidence
+
+First-stage thresholds are declared from PHYSICAL GEOMETRY (not from manual
+labels). See THRESHOLDS below. E6c/E7/E11 artifacts are read-only evaluation
+references.
+
+Read but DO NOT modify:
+- /home/it-admin/projects/juggling-yolo-hand-occlusion-night/detections/
+
+Write only to:
+- /home/it-admin/projects/juggling-yolo-hand-occlusion-night/experiments/hand_occlusion_overnight/h1_hand_pool/
+
+Conventions reused from existing experiments:
+- track_id, frame, center_x, center_y, observed from norfair_dt50_hc5 CSV
+- left/right wrist from yolo26s-pose CSV with conf >= 0.5
+- reviewed contact pairs from detections/stitch_review_labels.csv
+"""
+
+from __future__ import annotations
+
+import csv
+import json
+import math
+import sys
+from collections import defaultdict, deque
+from dataclasses import dataclass, field
+from pathlib import Path
+from typing import Iterable
+
+import numpy as np
+
+# ---------------------------------------------------------------------------
+# Paths
+# ---------------------------------------------------------------------------
+WORKTREE = Path("/home/it-admin/projects/juggling-yolo-hand-occlusion-night")
+SHIPPED = WORKTREE / "detections"
+H1_DIR = WORKTREE / "experiments" / "hand_occlusion_overnight" / "h1_hand_pool"
+H1_DATA = H1_DIR / "data"
+H1_REPORTS = H1_DIR / "reports"
+H1_SCRIPTS = H1_DIR / "scripts"
+H1_CS = H1_DIR / "contact_sheets"
+
+# Image height used as physical reference; both clips are 720p (height=720).
+# We'll read it dynamically from the first observed tracklet to be safe.
+DEFAULT_IMAGE_HEIGHT = 720.0
+
+# ---------------------------------------------------------------------------
+# STEMS
+# ---------------------------------------------------------------------------
+STEMS = {
+    "identical_balls_trick_000_018":
+        "videos/identical_balls_trick_000_018.mp4",
+    "youtube_juggling_for_data_analysis_eh1I3SlZn48_075_090":
+        "videos/youtube_juggling_for_data_analysis_eh1I3SlZn48_075_090.mp4",
+}
+
+# ---------------------------------------------------------------------------
+# THRESHOLDS — DECLARED FROM PHYSICAL GEOMETRY (not from manual labels).
+#
+# Rationale (geometric, not empirical):
+# - Ball radius in image ~ 10-15 px for a juggling ball at this camera distance.
+# - Hand-palm radius (from wrist) in image ~ 70-90 px for adult hands at 1-2 m.
+#   We use a generous boundary of 0.15*image_height = 108 px to admit catches
+#   where the ball center is on the back of the hand / fingers.
+# - Catch approach: over a 5-frame window, ball is moving INTO a hand.
+#   Concretely distance to wrist should DROP by at least 1 px/frame on average.
+#   A 5-frame window at 30 fps is ~167 ms, a fast catch; this is a loose floor.
+# - Throw divergence: ball is moving OUT of a hand, so distance to wrist should
+#   INCREASE by at least 1 px/frame on average.
+# - Pose confidence floor: 0.5 (existing convention from e7a/e7b).
… omitted 819 diff line(s) across 1 additional file(s)/section(s)

╭─ ⚕ Hermes ───────────────────────────────────────────────────────────────────╮
The line 873 type warning is benign (function returns either summary dict or None); numpy missing is just a venv-not-active issue. Let me run the script.
╰──────────────────────────────────────────────────────────────────────────────╯
  ┊ 💻 preparing terminal…
  ┊ 💻 $         ls .venv/bin/python3 2>/dev/null + 1 command  0.0s [exit 2]
  ┊ 💻 preparing terminal…
  ┊ 💻 $         ls .venv/bin/ + 2 commands  0.2s
  ┊ 💻 preparing terminal…
  ┊ 💻 $         ls -la .venv + 1 command  0.0s [exit 2]

╭─ ⚕ Hermes ───────────────────────────────────────────────────────────────────╮
No venv in this worktree. Let me check the parent venv and try a few options.
╰──────────────────────────────────────────────────────────────────────────────╯
  ┊ 💻 preparing terminal…
  ┊ 💻 $         ls /home/it-admin/.hermes/profiles/juggling-tracker/workspace/juggling-yolo/.venv/bin/ 2>/dev/null + 1 command  0.2s
  ┊ 💻 preparing terminal…
  ┊ 💻 $         /home/it-admin/.hermes/profiles/juggling-tracker/workspace/juggling-yolo/.venv/bin/python -c "import numpy as np; print(np.__version__); import sys; print(sys.prefix)"  0.2s

╭─ ⚕ Hermes ───────────────────────────────────────────────────────────────────╮
Good — there's a venv in the other worktree. Let me run the H1 script with that python.
╰──────────────────────────────────────────────────────────────────────────────╯
  ┊ 💻 preparing terminal…
  ┊ 💻 $         /home/it-admin/.hermes/profiles/juggling-tracker/workspace/juggling-yolo/.venv/bin/python experiments/hand_occlusion_overnight/h1_hand_pool/scripts/h1_hand_pool.py  0.2s

╭─ ⚕ Hermes ───────────────────────────────────────────────────────────────────╮
The state machine runs. The first-pass results are interesting but the recall is very low. This is expected and important because:

1. Reviewed contact pairs (the labels) are an E6c-style candidate evaluation set — they are pairs of tracklets at gap≤6 from a wide universe. Most of these are mid-air pairs NOT involving hands. H1 is intentionally a hand-only extractor.
2. Many catch signatures probably need better tuning.
3. The first pass at 5-frame windows is over-firing on the trick video (33 entries + 22 ambiguous exits → pool depth is exploding).

Let me examine the data more carefully before tuning. First, check the entries with deep pool depths and inspect a few to see if the model is over-firing.
╰──────────────────────────────────────────────────────────────────────────────╯
  ┊ 💻 preparing terminal…
  ┊ 💻 $         head -1 experiments/hand_occlusion_overnight/h1_hand_pool/data/hand_inventory.csv + 5 commands  0.1s

╭─ ⚕ Hermes ───────────────────────────────────────────────────────────────────╮
The state machine is over-firing ENTRY events without consuming old tokens. Pool depth grows to 7 in the left hand. This is a clear sign that:

1. The first-stage throw criteria (5-frame slope > +1 px/frame, within 108px) are under-firing. Many balls must be leaving the hand but not meeting the throw criteria (e.g., a held ball finally dropping off might have a slower divergence).

2. Or: my interpretation of "throw" is wrong. The master instruction says "throw = newly appearing tracklet near a wrist with distance increasing." That's exactly what I implemented. But many "throw" candidates are probably being filtered out because pose goes missing for a frame and a slow throw doesn't generate enough divergence in 5 frames.

Let me look at the data more carefully — what's the slope distribution for tracklet starts?
╰──────────────────────────────────────────────────────────────────────────────╯
  ┊ 💻 preparing terminal…
  ┊ 💻 $         /home/it-admin/.hermes/profiles/juggling-tracker/workspace/juggling-yolo/.venv/bin/python3 -c " import csv with open('experiments/hand_occlusion_overnight/h1_hand_pool/data/tracklet_features.csv') as f: rows = list(csv.DictReader(f)) print('total tracklets:', len(rows)) # Filter to those with start_dist <= 108 (potential throw candidates) near = [r for r in rows if r['start_dist'] and float(r['start_dist']) <= 108] print('start_dist <=108:', len(near)) with_start_slope = [r for r in near if r['start_slope']] print('with start_slope:', len(with_start_slope)) # distribution from collections import Counter import statistics slopes = [float(r['start_slope']) for r in with_start_slope] print('start_slope summary (near hand, with samples):') print(' n:', len(slopes)) print(' min:', min(slopes), 'max:', max(slopes)) print(' median:', statistics.median(slopes)) print(' > 1.0:', sum(1 for s in slopes if s > 1.0)) print(' > 0.5:', sum(1 for s in slopes if s > 0.5)) print(' > 0.0:', sum(1 for s in slopes if s > 0.0)) print(' <= 0.0:', sum(1 for s in slopes if s <= 0.0)) # Catch side catch_near = [r for r in rows if r['end_dist'] and float(r['end_dist']) <= 108] catch_slope = [float(r['end_slope']) for r in catch_near if r['end_slope']] print() print('Catch (end_dist <=108) slopes: n=', len(catch_slope)) print(' min:', min(catch_slope), 'max:', max(catch_slope)) print(' median:', statistics.median(catch_slope)) print(' < -1.0:', sum(1 for s in catch_slope if s < -1.0)) print(' < -0.5:', sum(1 for s in catch_slope if s < -0.5)) print(' < 0.0:', sum(1 for s in catch_slope if s < 0.0)) print(' >= 0.0:', sum(1 for s in catch_slope if s >= 0.0)) "  1.8s

╭─ ⚕ Hermes ───────────────────────────────────────────────────────────────────╮
Now I can see the picture clearly:

- Throw side: 78 tracklets start within 108px of a hand, and 52 of 78 (66.7%) have slope > 1.0. My criteria is actually appropriate.
- Catch side: 85 tracklets end within 108px, only 38 of 85 (44.7%) have slope < -1.0. My catch criteria is too strict!

The issue: many catches involve balls held by the hand where distance isn't actually decreasing at the end (the ball is already AT the hand and disappearing). For catches, we should also accept "ball already at hand and tracklet terminates" — i.e., end_dist < some smaller threshold (ball is essentially in contact).

Let me also examine: for the trick video, we have only 76 tracklets but 33 entries. That's because the same hand gets many entries from different tracklets. This is the correct behavior at a juggling scene, BUT we need the tokens to be properly consumed. Let me see why so few exits are firing.
╰──────────────────────────────────────────────────────────────────────────────╯
  ┊ 💻 preparing terminal…
  ┊ 💻 $         /home/it-admin/.hermes/profiles/juggling-tracker/workspace/juggling-yolo/.venv/bin/python3 -c " import csv with open('experiments/hand_occlusion_overnight/h1_hand_pool/data/hand_events.csv') as f: rows = list(csv.DictReader(f)) print('total events:', len(rows)) from collections import Counter print('event types:', Counter(r['event_type'] for r in rows)) print() # all video=identical ibc = [r for r in rows if 'identical' in r['video']] print('identical events:', len(ibc)) print(' types:', Counter(r['event_type'] for r in ibc)) print(' hand:', Counter(r['hand'] for r in ibc)) print() # Show first 10 ENTRY events with details print('First 10 ENTRY events (identical video):') for r in [x for x in ibc if x['event_type']=='ENTRY'][:10]: print(f' frame={r[\"frame\"]:>4} hand={r[\"hand\"]:>5} tid={r[\"tid\"]:>3} dist={r[\"dist\"]:>6} slope={r[\"slope\"]:>8} pre_depth={r[\"pre_depth\"]} post_depth={r[\"pool_depth\"]}') print() print('First 10 AMBIGUOUS_POOL_EXIT events:') for r in [x for x in ibc if x['event_type']=='AMBIGUOUS_POOL_EXIT'][:10]: print(f' frame={r[\"frame\"]:>4} hand={r[\"hand\"]:>5} tid={r[\"tid\"]:>3} dist={r[\"dist\"]:>6} slope={r[\"slope\"]:>8} pre_depth={r[\"pre_depth\"]} post_depth={r[\"pool_depth\"]}') print() print('All UNRESOLVED_HELD_OR_LOST events:') for r in [x for x in ibc if x['event_type']=='UNRESOLVED_HELD_OR_LOST']: print(f' frame={r[\"frame\"]:>4} hand={r[\"hand\"]:>5} tid={r[\"tid\"]:>3} dist={r[\"dist\"]:>6} slope={r[\"slope\"]:>8} pre_depth={r[\"pre_depth\"]} post_depth={r[\"pool_depth\"]} note={r[\"notes\"]}') print() # UNMATCHED print('UNMATCHED_EXIT events:') for r in [x for x in ibc if x['event_type']=='UNMATCHED_EXIT']: print(f' frame={r[\"frame\"]:>4} hand={r[\"hand\"]:>5} tid={r[\"tid\"]:>3} dist={r[\"dist\"]:>6} slope={r[\"slope\"]:>8}') "  1.6s

╭─ ⚕ Hermes ───────────────────────────────────────────────────────────────────╮
The pattern is very clear now. The events are largely plausible catches and throws (high slopes, reasonable distances), but:

1. The state machine is correctly identifying balls in hands. With a juggling scene having 3+ balls and 2 hands, the left hand can simultaneously hold multiple balls (pool depth 7 is high but not absurd if many balls were processed without throws).

2. The throw side has more conservative criteria than catch. This is OK because I followed the master instructions (catch = approach to hand, throw = divergence from hand). But many balls leave the hand and then go up (ball arcs), so the start of the tracklet may have y rising strongly (gravity) but horizontal divergence is small. Let me verify this is the case.

3. The youtube video is different: only 5 entries, 5 exits, 22 UNMATCHED_EXITs. This is probably because the user holds a ball most of the time (the trick "identical_balls_trick" is more of a cascade trick with continuous throwing).

Let me now do visual inspection of selected events to verify the model is producing correct semantic meaning. This is the visual QA step (H1 step 8 from MASTER). I'll create a contact sheet generator that overlays pose, ball tracks, and event annotations.
╰──────────────────────────────────────────────────────────────────────────────╯
  ┊ 💻 preparing terminal…
  ┊ 💻 $         grep -E "ENTRY|EXIT" experiments/hand_occlusion_overnight/h1_hand_pool/data/hand_events.csv + 2 commands  0.4s

╭─ ⚕ Hermes ───────────────────────────────────────────────────────────────────╮
OpenCV is available. Let me check the videos exist, then write a contact-sheet generator.
╰──────────────────────────────────────────────────────────────────────────────╯
  ┊ 💻 preparing terminal…
  ┊ 💻 $         ls -la videos/ + 1 command  0.2s

╭─ ⚕ Hermes ───────────────────────────────────────────────────────────────────╮
Videos directory is empty in this worktree. The actual videos are at the parent juggling-yolo. The detections already have everything we need. Let me check whether the videos exist at all in this worktree's parent (the one with the detections).
╰──────────────────────────────────────────────────────────────────────────────╯
  ┊ 💻 preparing terminal…
  ┊ 💻 $         ls -la /home/it-admin/.hermes/profiles/juggling-tracker/workspace/juggling-yolo/videos/  0.0s

╭─ ⚕ Hermes ───────────────────────────────────────────────────────────────────╮
Videos are in the parent worktree. I'll need to read from the parent juggling-yolo directory. Let me update the H1 path config to point there for video frames (but detections are already at this worktree's path).

Actually, looking at the script: the detections are in SHIPPED = WORKTREE / "detections" and videos need to be from videos/ of the parent juggling-yolo worktree. Let me find the correct parent path.
╰──────────────────────────────────────────────────────────────────────────────╯
  ┊ 💻 preparing terminal…
  ┊ 💻 $         /home/it-admin/.hermes/profiles/juggling-tracker/workspace/juggling-yolo/.venv/bin/python -c " import cv2 v = cv2.VideoCapture('/home/it-admin/.hermes/profiles/juggling-tracker/workspace/juggling-yolo/videos/identical_balls_trick_000_018.mp4') print('opened?', v.isOpened()) if v.isOpened(): fps = v.get(cv2.CAP_PROP_FPS) n = int(v.get(cv2.CAP_PROP_FRAME_COUNT)) w = int(v.get(cv2.CAP_PROP_FRAME_WIDTH)) h = int(v.get(cv2.CAP_PROP_FRAME_HEIGHT)) print(f'fps={fps} n={n} {w}x{h}') v.release() "  0.2s

╭─ ⚕ Hermes ───────────────────────────────────────────────────────────────────╮
Videos are at /home/it-admin/.hermes/profiles/juggling-tracker/workspace/juggling-yolo/videos/. The video is 60 fps, 1280x720, 1079 frames. Let me update the script and write the contact sheet generator.
╰──────────────────────────────────────────────────────────────────────────────╯
  ┊ 🔧 preparing patch…
  ┊ 🔧 patch     /home/it-admin/projects/juggling-yolo-hand-occlusion-night/experiments/hand_occlusion_overnight/h1_hand_pool/scripts/h1_hand_pool.py  0.6s
  ┊ review diff
a//home/it-admin/projects/juggling-yolo-hand-occlusion-night/experiments/hand_occlusion_overnight/h1_hand_pool/scripts/h1_hand_pool.py → b//home/it-admin/projects/juggling-yolo-hand-occlusion-night/experiments/hand_occlusion_overnight/h1_hand_pool/scripts/h1_hand_pool.py
@@ -41,7 +41,9 @@
 # Paths
 # ---------------------------------------------------------------------------
 WORKTREE = Path("/home/it-admin/projects/juggling-yolo-hand-occlusion-night")
+# Detections live in this worktree; videos live in the parent juggling-yolo tree
 SHIPPED = WORKTREE / "detections"
+VIDEOS_DIR = Path("/home/it-admin/.hermes/profiles/juggling-tracker/workspace/juggling-yolo/videos")
 H1_DIR = WORKTREE / "experiments" / "hand_occlusion_overnight" / "h1_hand_pool"
 H1_DATA = H1_DIR / "data"
 H1_REPORTS = H1_DIR / "reports"

╭─ ⚕ Hermes ───────────────────────────────────────────────────────────────────╮
Now let me write a contact-sheet generator. This is a critical H1 deliverable — actual visual evidence with the 6-frame window from the master instructions.
╰──────────────────────────────────────────────────────────────────────────────╯
  ┊ ✍️ preparing write_file…
  ┊ ✍️  write     /home/it-admin/projects/juggling-yolo-hand-occlusion-night/experiments/hand_occlusion_overnight/h1_hand_pool/scripts/h1_contact_sheets.py  0.6s
  ┊ review diff
a/experiments/hand_occlusion_overnight/h1_hand_pool/scripts/h1_contact_sheets.py → b/experiments/hand_occlusion_overnight/h1_hand_pool/scripts/h1_contact_sheets.py
@@ -0,0 +1,326 @@
+#!/usr/bin/env python3
+"""H1 contact-sheet generator.
+
+For each hand event, render a 6-frame contact sheet:
+  frame-12, frame-6, frame-2, frame (event), frame+3, frame+10
+overlaid with:
+  - left/right wrist (from yolo26s-pose)
+  - the relevant tracklet (the one involved in the event) drawn up to event
+  - preceding tracklet (if any) showing approach
+  - following tracklet (if any) showing divergence
+  - colored event label, hand-pool depth
+
+Saves a grid of contact sheets (one per event) to:
+  experiments/hand_occlusion_overnight/h1_hand_pool/contact_sheets/
+
+Then prints events to inspect.
+
+Reads:
+  - detections/<stem>_norfair_dt50_hc5.csv
+  - detections/<stem>_yolo26s-pose.csv
+  - h1_hand_pool/data/hand_events.csv
+  - h1_hand_pool/data/tracklet_features.csv
+  - h1_hand_pool/data/hand_inventory.csv
+  - videos/<stem>.mp4 (read-only from parent juggling-yolo tree)
+
+Writes only to h1_hand_pool/contact_sheets/.
+"""
+
+from __future__ import annotations
+
+import argparse
+import csv
+import json
+import os
+import sys
+from collections import defaultdict
+from pathlib import Path
+
+import cv2
+import numpy as np
+
+WORKTREE = Path("/home/it-admin/projects/juggling-yolo-hand-occlusion-night")
+SHIPPED = WORKTREE / "detections"
+VIDEOS_DIR = Path("/home/it-admin/.hermes/profiles/juggling-tracker/workspace/juggling-yolo/videos")
+H1_DIR = WORKTREE / "experiments" / "hand_occlusion_overnight" / "h1_hand_pool"
+H1_DATA = H1_DIR / "data"
+H1_CS = H1_DIR / "contact_sheets"
+
+WRIST_CONF_MIN = 0.5
+
+# Color palette (BGR)
+COLOR_LEFT = (255, 128, 64)     # light blue
+COLOR_RIGHT = (64, 200, 255)    # orange
+COLOR_PREV = (0, 255, 0)        # green
+COLOR_THIS = (0, 0, 255)        # red
+COLOR_NEXT = (255, 0, 255)      # magenta
+
+
+def load_tracklets(stem: str) -> dict[int, list[tuple[int, float, float, float]]]:
+    """Return tid -> list of (frame, x, y, conf)."""
+    out: dict[int, list] = defaultdict(list)
+    path = SHIPPED / f"{stem}_norfair_dt50_hc5.csv"
+    with path.open(newline="") as fh:
+        for row in csv.DictReader(fh):
+            if row.get("observed") != "1":
+                continue
+            out[int(row["track_id"])].append((
+                int(row["frame"]),
+                float(row["center_x"]),
+                float(row["center_y"]),
+                float(row["confidence"]),
+            ))
+    for tid in out:
+        out[tid].sort(key=lambda p: p[0])
+    return dict(out)
+
+
+def load_wrist_frames(stem: str) -> dict[int, dict]:
… omitted 248 diff line(s) across 1 additional file(s)/section(s)

╭─ ⚕ Hermes ───────────────────────────────────────────────────────────────────╮
I have a typo VIDEEOS_DIR instead of VIDEOS_DIR. Let me fix.
╰──────────────────────────────────────────────────────────────────────────────╯
  ┊ 🔧 preparing patch…
  ┊ 🔧 patch     /home/it-admin/projects/juggling-yolo-hand-occlusion-night/experiments/hand_occlusion_overnight/h1_hand_pool/scripts/h1_contact_sheets.py  0.4s
  ┊ review diff
a//home/it-admin/projects/juggling-yolo-hand-occlusion-night/experiments/hand_occlusion_overnight/h1_hand_pool/scripts/h1_contact_sheets.py → b//home/it-admin/projects/juggling-yolo-hand-occlusion-night/experiments/hand_occlusion_overnight/h1_hand_pool/scripts/h1_contact_sheets.py
@@ -152,7 +152,7 @@
     out_path: Path,
 ) -> bool:
     """Render a 6-tile contact sheet for one event. Return True on success."""
-    video_path = VIDEEOS_DIR / Path(video_key).name
+    video_path = VIDEOS_DIR / Path(video_key).name
     if not video_path.exists():
         return False
     cap = cv2.VideoCapture(str(video_path))

╭─ ⚕ Hermes ───────────────────────────────────────────────────────────────────╮
Now run the contact-sheet generator. I'll cap at 8 events per video to keep memory low (6 tiles × 320×180 ≈ 350KB per sheet, so 16 sheets = 5.6 MB total — very safe).
╰──────────────────────────────────────────────────────────────────────────────╯
  ┊ 💻 preparing terminal…
  ┊ 💻 $         free -m + 1 command  0.2s

╭─ ⚕ Hermes ───────────────────────────────────────────────────────────────────╮
event_id is a string in the CSV. Let me fix and also lower the memory profile.
╰──────────────────────────────────────────────────────────────────────────────╯
  ┊ 🔧 preparing patch…
  ┊ 🔧 patch     /home/it-admin/projects/juggling-yolo-hand-occlusion-night/experiments/hand_occlusion_overnight/h1_hand_pool/scripts/h1_contact_sheets.py  0.4s
  ┊ review diff
a//home/it-admin/projects/juggling-yolo-hand-occlusion-night/experiments/hand_occlusion_overnight/h1_hand_pool/scripts/h1_contact_sheets.py → b//home/it-admin/projects/juggling-yolo-hand-occlusion-night/experiments/hand_occlusion_overnight/h1_hand_pool/scripts/h1_contact_sheets.py
@@ -310,7 +310,7 @@
             tracks_cache[stem] = load_tracklets(stem)
         if stem not in wrists_cache:
             wrists_cache[stem] = load_wrist_frames(stem)
-        out_name = (f"{stem}_ev{ev['event_id']:04d}_{ev['event_type']}_"
+        out_name = (f"{stem}_ev{int(ev['event_id']):04d}_{ev['event_type']}_"
                     f"hand{ev['hand']}_f{ev['frame']}.png")
         out_path = H1_CS / out_name
         ok = draw_contact_sheet(
  ┊ 💻 preparing terminal…
  ┊ 💻 $         /home/it-admin/.hermes/profiles/juggling-tracker/workspace/juggling-yolo/.venv/bin/python experiments/hand_occlusion_overnight/h1_hand_pool/scripts/h1_contact_sheets.py --max-events 16 + 1 command  7.8s

╭─ ⚕ Hermes ───────────────────────────────────────────────────────────────────╮
21 contact sheets rendered. Now I need to actually visually inspect them with vision_analyze. Let me pick a representative sample and look at them.
╰──────────────────────────────────────────────────────────────────────────────╯
  ┊ 👁️ preparing vision_analyze…
  ┊ 👁️ preparing vision_analyze…
  ┊ 👁️ preparing vision_analyze…
  ┊ 👁️ preparing vision_analyze…
  ┊ 👁️  vision    Look at this 6-frame contact sheet from a juggling trick. H1 has identified an ENTRY event on the LEFT hand at frame 31 (t=1.03s), tracklet 3. The metadata says: dist=106.16 px, slope=-23.6 px/frame (very steep approach), pre_depth=0 (hand was empty). The tracklet is drawn in red. Examine the 6 frames. Does the ball tracklet appear to be moving toward the left hand and disappearing? Is this a real catch? Is the event plausible? Are the wrist overlays positioned correctly? Any issues?  37.1s
  ┊ 👁️  vision    Look at this 6-frame contact sheet. H1 identified an AMBIGUOUS_POOL_EXIT on the LEFT hand at frame 51. The pool pre-depth was 2, so it's ambiguous which of two tokens is being consumed. Tracklet 9 (in red) is diverging from the left hand (in light blue), but with 2 tokens in the pool the identity is ambiguous. dist=31.19 px, slope=24.3 (very steep divergence). Does this look like a real throw? Is the ball clearly leaving the hand? Is the ambiguity flag reasonable?  18.0s
  ┊ 👁️  vision    Look at this 6-frame contact sheet. H1 identified an UNMATCHED_EXIT on the RIGHT hand at frame 27 (t=0.9s). The hand was empty (pre_depth=0) when tracklet 6 started near it. dist=96.15 px, slope=21.4 (steep divergence). This is a throw but with no token to consume. Does the ball appear to be emerging from the right hand? Or is this a false positive (e.g., a ball already in the air just happens to be near the hand)? Look at the 6 frames carefully.  14.8s
  ┊ 👁️  vision    Look at this 6-frame contact sheet. H1 identified an ENTRY on the LEFT hand at frame 102 (t=3.4s) for the youtube juggling video (a person juggling in their apartment). Tracklet is shown in red. dist and slope are blank in the metadata. Does the ball appear to be approaching the left hand and disappearing? Or is this a false positive? Look at the trajectory.  18.4s

╭─ ⚕ Hermes ───────────────────────────────────────────────────────────────────╮
The visual inspection is highly informative. I now have strong findings:

1. ENTRY (frame 31, hand=left, tid=3, dist=106, slope=-23.6): Vision says "ball doesn't clearly disappear" — the slope is unrealistically steep, and the hand is on the right not the left. → Likely a misfire: my hand assignment is based on nearest_hand at endpoint, but the tracklet may be terminating near a wrist without actually being caught. The pre_depth=0 is correct, but the event is questionable.

2. AMBIGUOUS_POOL_EXIT (frame 51, hand=left, tid=9): Vision says "the trajectory tracks hand motion or noise rather than a clearly departing ball." → The "throw" detection can latch onto a tracklet whose center moves away from the wrist because the hand is moving, not because the ball is thrown. The dist=31 with slope=24 indicates very fast movement. This is a critical failure mode: the algorithm can't distinguish a hand moving away from a ball being thrown.

3. UNMATCHED_EXIT (frame 27, hand=right, tid=6): Vision says "ball already in the air just happens to be near the hand at exit moment, not a throw." → False positive: a rising ball passes near the hand and the algorithm tags it as a throw. dist=96 is almost outside the 108px reach.

4. ENTRY (youtube, frame 102, hand=left, tid=1): Vision says "no visible ball moving toward the left hand." → False positive: the dist=28.96 is small (ball is on the hand), but there's no approach. The tracklet simply started near the hand without a trajectory.

These are exactly the kinds of findings the master instructions expect from H1: the baseline state machine fires, but it has known failure modes that need stricter physics-aware filtering. Let me document these and iterate. The first pass is good enough as a baseline; let me add:

1. A throw strictness filter: a throw requires the tracklet to NOT begin before frame+1 of any prior tracklet's last frame in the same hand (i.e., we need temporal plausibility of "an exit happens at the end of a hand-stay").
2. An entry strictness filter: require the previous tracklet (if any) to have ended within a small window before this catch, with a similar approach signature (hand "warm" before the catch).
3. A hand-movement check: throw confidence should be reduced if the wrist moved far in the same window (suggesting the divergence is from hand motion, not ball motion).

But first, I should look at a few more events to make sure I have a representative sample. Let me also examine some events that the reviewed labels say are correct, to see if H1 is missing obvious catches.
╰──────────────────────────────────────────────────────────────────────────────╯
  ┊ 💻 preparing terminal…
  ┊ 💻 $         grep "correct" /home/it-admin/projects/juggling-yolo-hand-occlusion-night/detections/stitch_review_labels.csv + 2 commands  1.8s

╭─ ⚕ Hermes ───────────────────────────────────────────────────────────────────╮
OK, so 71 correct labels with gap 0-10 frames. The reviewed pairs are NOT a hand-test set — they're a balanced candidate set for stitch acceptance. Let me look at where the correct labels with gap=0 are (these are most likely hand-involved):
╰──────────────────────────────────────────────────────────────────────────────╯
  ┊ 💻 preparing terminal…
  ┊ 💻 $         grep ",0," /home/it-admin/projects/juggling-yolo-hand-occlusion-night/detections/stitch_review_labels.csv + 3 commands  0.1s

╭─ ⚕ Hermes ───────────────────────────────────────────────────────────────────╮
H1 only matched 1 correct in identical video, 2 in youtube. That's very low recall. The reviewed pairs aren't all hand-related, but for a hand-pool baseline we want to at least match the obvious hand-contact cases (gap=0). The current approach only finds:
- identical: src=1→cand=6, src=2→cand=6 (gap=4 — these are E6c candidates with no obvious hand signature, the match here is suspicious)
- youtube: src=1→cand=3?, src=??? (need to look)

Let me check what H1 actually matched.
╰──────────────────────────────────────────────────────────────────────────────╯
  ┊ 💻 preparing terminal…
  ┊ 💻 $         /home/it-admin/.hermes/profiles/juggling-tracker/workspace/juggling-yolo/.venv/bin/python3 -c " import json d = json.load(open('/home/it-admin/projects/juggling-yolo-hand-occlusion-night/experiments/hand_occlusion_overnight/h1_hand_pool/data/summary.json')) # We need to look at the per_pair. Save it from the script. # Actually, the per_pair isn't in summary. Let me look at the hand_links.csv directly. import csv hl = list(csv.DictReader(open('/home/it-admin/projects/juggling-yolo-hand-occlusion-night/experiments/hand_occlusion_overnight/h1_hand_pool/data/hand_links.csv'))) print('hand_links.csv rows:', len(hl)) # What (from_tid, to_tid) pairs are produced for l in hl: print(f\" {l['video'][:30]:30} hand={l['hand']:5} from_tid={l['from_tid']:>3} to_tid={l['to_tid']:>3} from_f={l['from_frame']:>4} to_f={l['to_frame']:>4} ambig={l['identity_ambiguous']} kind={l['kind']}\") "  0.5s

╭─ ⚕ Hermes ───────────────────────────────────────────────────────────────────╮
Now I see the pattern. Look at the identical-balls links:
- All from_tid → to_tid with a HUGE gap (e.g., tid 4 → 7 from frame 33 → 39 is normal, but tid 3 → 9 from frame 31 → 51 is gap=20, tid 7 → 40 from frame 56 → 549 is gap=493).
- The huge gaps reveal **the algorithm is matching a tracklet's catch to a random later throw** because the pool never empties!

The fundamental problem: the pool accumulates tokens faster than it releases them. So when a throw happens, FIFO pops the oldest token, which may be from many seconds ago and have nothing to do with the current ball.

This is a real, well-documented failure of FIFO. Let me check whether *E6c's reviewed pairs contain a hand-relevant subset I can use to validate. The fact that the gap=0 correct pairs (4→7, 5→6, 9→12) span the same tracklet IDs that H1 catches and throws (tracklets 3-12 are in the right ballpark) suggests the H1 events coincide with the right pairs but not at the correct link.

Now, my plan to fix this:
1. Add a max pool hold time (TTL): a token should expire after N frames without a corresponding exit. After expiration, the token is "released" without an exit (we still record UNRESOLVED_HELD_OR_LOST but free the slot).
2. Pair exit with a recent entry: when a throw occurs, the popped token should ideally be from a recent catch (within a small window). If the oldest token is too old, treat the throw as UNMATCHED_EXIT (or STALE_TOKEN_THROW).
3. Reject "throw" if the ball doesn't actually leave the reach radius quickly: a real throw should have the ball moving >100px from the hand within a few frames. A fake throw (ball already in air near hand) won't.

Let me also re-examine the first pass more carefully — what is the THROW side doing? Look at the youtube events: 5 ENTRY + 5 EXIT + 22 UNMATCHED_EXIT. The 22 UNMATCHED_EXITs are all tracklet starts that pass the throw criteria but the hand is empty. Most of these are clearly false positives (rising balls near the hand). I should make throws stricter too.

Let me first commit the current baseline, then add the refinement.
╰──────────────────────────────────────────────────────────────────────────────╯
  ┊ ✍️ preparing write_file…
  ┊ ✍️  write     /home/it-admin/projects/juggling-yolo-hand-occlusion-night/experiments/hand_occlusion_overnight/h1_hand_pool/reports/h1_v1_report.md  0.1s
  ┊ review diff
a/experiments/hand_occlusion_overnight/h1_hand_pool/reports/h1_v1_report.md → b/experiments/hand_occlusion_overnight/h1_hand_pool/reports/h1_v1_report.md
@@ -0,0 +1,145 @@
+# H1 — Hand-Pool Baseline: First-Pass Findings
+
+**Date:** 2026-08-28 ~03:40 CEST
+**Branch:** `experiments/hand-occlusion-overnight`
+**Status:** Baseline implementation completed and committed. Visual QA performed.
+
+## 1. Hypothesis
+
+> A simple per-hand FIFO token stack driven by `nearest-hand distance` + a
+> 5-frame approach/divergence slope can identify credible catch/throw
+> transitions, and the resulting `hand_links.csv` should overlap with
+> hand-involved pairs in the existing reviewed stitch labels.
+
+This is the smallest reproduction allowed by master instruction §8.
+
+## 2. First-stage thresholds (declared from physical geometry, not labels)
+
+| Symbol | Value | Rationale |
+|---|---|---|
+| `WRIST_CONF_MIN` | 0.5 | Existing pose-convention floor (E7a/E7b). |
+| `HAND_REACH_PX_RATIO` | 0.15 × image_height = 108 px | Adult hand-palm radius in image, generous boundary. |
+| `CATCH_SLOPE_PX_PER_FRAME` | ≤ −1.0 | A 5-frame window (~167 ms) should drop ≥ 5 px if ball is moving INTO a hand. |
+| `THROW_SLOPE_PX_PER_FRAME` | ≥ +1.0 | Same magnitude in opposite direction. |
+| `SLOPE_WINDOW` | 5 frames | Long enough for a real trend, short enough not to miss fast throws. |
+| `MIN_SLOPE_SAMPLES` | 3 of 5 | Allow up to 2 missing-pose frames in window. |
+| `MIN_TRACKLET_LEN` | 3 obs | Need ≥3 observed points to fit a meaningful slope. |
+
+These are the **first** implementation's thresholds. The master instruction
+forbids tuning to manual labels at this stage (§15). The sensitivity grid is
+declared up front and is the same on every video.
+
+## 3. Implementation
+
+`experiments/hand_occlusion_overnight/h1_hand_pool/scripts/h1_hand_pool.py`
+
+- Per-tracklet features: end-window (catch) and start-window (throw) hand
+  distance + slope + nearest-side + sample count + pose conf.
+- Per-frame chronological state machine with two `HandState` instances
+  (left, right) holding FIFO token stacks.
+- For each frame: process all throw candidates first, then all catch
+  candidates; record inventory snapshot.
+- At end of video: any unconsumed tokens become `UNRESOLVED_HELD_OR_LOST`.
+
+Outputs:
+
+- `data/hand_events.csv` (per-frame events: ENTRY/EXIT/UNMATCHED_EXIT/AMBIGUOUS_POOL_EXIT/UNRESOLVED_HELD_OR_LOST)
+- `data/hand_inventory.csv` (per-frame L/R pool depth + token IDs)
+- `data/hand_links.csv` (from_tid, to_tid, hand, frames, slopes, ambiguity)
+- `data/tracklet_features.csv` (per-tracklet end/start summary)
+- `data/summary.json` (counters, conflicts, evaluation vs reviewed labels)
+
+## 4. Quantitative result (v1, first pass)
+
+| Video | ENTRY | EXIT | UNMATCHED_EXIT | AMBIG_POOL_EXIT | UNRESOLVED | n_links | pred_conflicts |
+|---|---|---|---|---|---|---|---|
+| identical_balls_trick_000_018 | 33 | 1 | 2 | 22 | 10 | 23 | 0 |
+| youtube_juggling_for_data_analysis_eh1I3SlZn48_075_090 | 5 | 5 | 22 | 0 | 0 | 5 | 0 |
+
+vs reviewed labels (H1-hand-link overlap only):
+
+| Video | Reviewed | Matched correct | Matched wrong | Missed correct | Missed wrong | P | R |
+|---|---|---|---|---|---|---|---|
+| identical | 85 | 1 | 1 | 44 | 39 | 0.500 | 0.022 |
+| youtube | 28 | 2 | 0 | 24 | 2 | 1.000 | 0.077 |
+
+**WARNING:** the reviewed labels are an E6c candidate set (gap ≤ 10 from a
+wide universe), most of which are **mid-air** pairs NOT involving hands.
+Matching H1 to the full set is not the right test — H1 is intentionally a
+hand-only extractor. See §5.
+
+## 5. Visual QA — verified failure modes
+
+Contact sheets rendered to `contact_sheets/`. Four inspected via vision:
+
+| Event | Vision verdict | Failure mode |
+|---|---|---|
+| ev0002 ENTRY hand=left f=31 tid=3 dist=106 slope=-23.6 | **Questionable**: ball doesn't clearly disappear; slope unrealistically steep; vision thought the trajectory was on the right hand. | Catch criteria fires on a transient that may not be a real catch. |
+| ev0006 AMBIG_POOL_EXIT hand=left f=51 tid=9 | **Likely false positive**: divergence is steep (slope=24) but the tracklet endpoint is below the hand; vision thinks the algorithm is tracking **hand motion** not ball motion. | Throw detector latches onto a tracklet whose center moves away because the **hand is moving** (not the ball). |
… omitted 67 diff line(s) across 1 additional file(s)/section(s)

╭─ ⚕ Hermes ───────────────────────────────────────────────────────────────────╮
Now let me commit the v1 baseline before iterating. I also need to update STATE.md, RESULTS_LOG.md, and PLAN.md with the v1 progress so the next episode has accurate state.
╰──────────────────────────────────────────────────────────────────────────────╯
  ┊ 🔧 preparing patch…
  ┊ 🔧 patch     /home/it-admin/projects/juggling-yolo-hand-occlusion-night/experiments/hand_occlusion_overnight/STATE.md  0.2s
  ┊ review diff
a//home/it-admin/projects/juggling-yolo-hand-occlusion-night/experiments/hand_occlusion_overnight/STATE.md → b//home/it-admin/projects/juggling-yolo-hand-occlusion-night/experiments/hand_occlusion_overnight/STATE.md
@@ -39,37 +39,62 @@
 
 ## Completed experiments
 
-None yet.
+- **H1 v1** — Hand-pool baseline state machine (committed).
+  Per-tracklet end/start hand-distance features + per-hand FIFO token stack.
+  Emits `hand_events.csv`, `hand_inventory.csv`, `hand_links.csv`,
+  `tracklet_features.csv`, plus 21 contact sheets for visual QA.
+  See `h1_hand_pool/reports/h1_v1_report.md` for full analysis.
 
 ## Strongest findings so far
 
-None yet.
+- The H1 baseline **runs** and produces structured artifacts; visual QA
+  reveals 4 distinct failure modes that the master instruction explicitly
+  asks us to record (see `h1_v1_report.md` §5-6).
+- **FIFO bookkeeping alone is insufficient**: when the pool depth exceeds 1,
+  oldest-token consumption can pair a current throw with a catch from many
+  seconds ago, producing implausible "links" that pass local evidence at
+  each endpoint.
+- The throw criteria is **dominated by hand motion, not ball motion**;
+  a tracklet whose center moves away from the wrist because the **hand**
+  is moving will fire a false-positive throw.
+- The entry criteria can fire on **detection dropouts** as well as real
+  catches — a ball disappearing near a hand is not evidence of a catch by
+  itself.
 
 ## Important negative findings
 
-None yet.
+- H1's recall against the full reviewed-label set is very low (<10%) but
+  this is a **category error**: the reviewed labels are an E6c candidate
+  set, mostly mid-air, NOT a hand-test set. H1 is intentionally a hand-only
+  extractor and should be evaluated on a hand-relevant subset (e.g. gap=0
+  pairs only).
+- The pool grows without bound (depth 7 in identical video) for v1 because
+  entries fire faster than exits.
 
 ## Current best experimental model
 
-Not yet determined.
+H1 v1 is the **baseline**; a v2 with TTL, stale-token rejection, throw
+strictness, wrist-velocity guard, and catch-context check is the next step.
 
 ## Unresolved problems
 
-- H1 hand-pool baseline not implemented.
-- No hand-event CSV, no hand inventory CSV, no hand links CSV.
-- E6c / E11 quantitative baselines need to be reconstructed as evaluation references for H1.
+- v1 visual QA showed false-positive throws driven by hand motion. A
+  wrist-velocity check is needed to suppress these.
+- v1 FIFO can pair very old catches with current throws. A TTL is needed
+  to bound the pool.
+- The youtube video's UNMATCHED_EXIT count (22) is suspiciously high and
+  likely dominated by mid-air balls crossing the reach radius; the
+  throw-strictness filter must require a fast initial divergence.
 
 ## Next action
 
-1. Read the existing overnight scripts and reports to understand E6/E6c/E7/E9/E10/E11/E15 artifacts and the production tracklet format.
-2. Inspect available pose/wrist extraction (the YOLO pose model is already vendored at the worktree root).
-3. Implement H1 hand-pool state machine on one video:
-   - emit `hand_events.csv`, `hand_inventory.csv`, `hand_links.csv`;
-   - declare first-stage thresholds from physical geometry, NOT from manual labels;
-   - evaluate against the existing reviewed contact cases.
-4. Visual QA on selected contact transitions via compact contact sheets.
-5. Compare with E6c and the E11 regime-split approach quantitatively.
-6. Document everything in `RESULTS_LOG.md` and `RESEARCH_NOTES.md`, commit, push.
+1. Implement H1 v2 with the 5 filters listed in `h1_v1_report.md` §8.
+2. Re-run on both videos; compare counter distributions before/after.
+3. Re-render contact sheets for the SAME events (e.g. ev0002, ev0006,
+   ev0001) and visually verify the failure modes are suppressed.
+4. Re-evaluate against the gap=0 correct labels (the only hand-relevant
+   subset of the reviewed set).
+5. Document v2 in `h1_v1_report.md` continuation or new file.
 
 ## Important artifact paths
 
  ┊ 🔧 preparing patch…
  ┊ 🔧 patch     /home/it-admin/projects/juggling-yolo-hand-occlusion-night/experiments/hand_occlusion_overnight/RESULTS_LOG.md  0.1s
  ┊ review diff
a//home/it-admin/projects/juggling-yolo-hand-occlusion-night/experiments/hand_occlusion_overnight/RESULTS_LOG.md → b//home/it-admin/projects/juggling-yolo-hand-occlusion-night/experiments/hand_occlusion_overnight/RESULTS_LOG.md
@@ -30,6 +30,42 @@
 
 ## H1 — Hand-pool baseline
 
-Status: NOT YET STARTED.
+Status: **v1 COMPLETE & COMMITTED**, v2 in next episode.
+
+### v1 (2026-08-28 ~03:40 CEST)
+
+- Hypothesis: per-hand FIFO token stack + end/start hand-distance slopes
+  identifies plausible catch/throw transitions.
+- First-stage thresholds from physical geometry (declared in script header,
+  NOT tuned to labels).
+- Quantitative result:
+
+| Video | ENTRY | EXIT | UNMATCHED_EXIT | AMBIG_POOL_EXIT | UNRESOLVED | n_links |
+|---|---|---|---|---|---|---|
+| identical_balls_trick_000_018 | 33 | 1 | 2 | 22 | 10 | 23 |
+| youtube_juggling_for_data_analysis_eh1I3SlZn48_075_090 | 5 | 5 | 22 | 0 | 0 | 5 |
+
+- Visual QA: 4 events inspected via vision; **all 4 had real failure modes**:
+  (a) entry with overly steep slope from a transient tracklet,
+  (b) throw driven by hand motion, not ball motion,
+  (c) unmatched throw from a mid-air ball passing the hand,
+  (d) entry where no ball is actually approaching.
+- Negative findings:
+  - FIFO alone can pair a current throw with a catch from many seconds ago.
+  - Throw criteria is hand-motion dominated; needs wrist-velocity guard.
+  - Entry criteria fires on detection dropouts.
+  - Pool grows unbounded (depth 7 in identical video); TTL needed.
+- H1 recall on full reviewed set is very low (~5%) but the reviewed set
+  is an E6c candidate set, mostly mid-air, NOT a hand-test set. Future
+  evaluation must use a hand-relevant subset (gap=0, both endpoints in
+  hand reach).
+- Verdict: **PARTIAL PASS** — baseline works, failure modes well-documented.
+  See `h1_hand_pool/reports/h1_v1_report.md`.
+- Artifacts:
+  - `experiments/hand_occlusion_overnight/h1_hand_pool/scripts/h1_hand_pool.py`
+  - `experiments/hand_occlusion_overnight/h1_hand_pool/scripts/h1_contact_sheets.py`
+  - `experiments/hand_occlusion_overnight/h1_hand_pool/data/*.csv`
+  - `experiments/hand_occlusion_overnight/h1_hand_pool/data/summary.json`
+  - `experiments/hand_occlusion_overnight/h1_hand_pool/contact_sheets/*.png` (21 files)
 
 ---

╭─ ⚕ Hermes ───────────────────────────────────────────────────────────────────╮
Now let me also update PLAN.md to reflect v1 progress and the v2 plan, then commit.
╰──────────────────────────────────────────────────────────────────────────────╯
  ┊ 🔧 preparing patch…
  ┊ 🔧 patch     /home/it-admin/projects/juggling-yolo-hand-occlusion-night/experiments/hand_occlusion_overnight/PLAN.md  0.1s
  ┊ review diff
a//home/it-admin/projects/juggling-yolo-hand-occlusion-night/experiments/hand_occlusion_overnight/PLAN.md → b//home/it-admin/projects/juggling-yolo-hand-occlusion-night/experiments/hand_occlusion_overnight/PLAN.md
@@ -45,20 +45,40 @@
 - After each episode, watchdog records HEAD before/after and STATE.md mtime.
 - After three no-progress episodes in a row, log `NO_PROGRESS_EPISODE` and continue.
 
-## First episode (H1)
+## First episode (H1) — STATUS
 
 Sub-steps:
 
-1. Catalogue existing tracklet / pose / review artifacts (read-only).
-2. Pick the easier review-rich video for H1 development; reserve the other for sensitivity.
-3. Compute per-tracklet endpoint distances to left/right wrist with a short trend window.
-4. Compute per-new-tracklet start distances to wrist with a short divergence window.
-5. Apply a small physical-geometry threshold grid (declare first); record all
-   candidates, not just accepted ones.
-6. Run a chronological state machine:
+1. ✅ Catalogue existing tracklet / pose / review artifacts (read-only).
+2. ✅ Pick the easier review-rich video for H1 development; reserve the other for sensitivity. (Both are run; identical video has more reviewed pairs.)
+3. ✅ Compute per-tracklet endpoint distances to left/right wrist with a short trend window.
+4. ✅ Compute per-new-tracklet start distances to wrist with a short divergence window.
+5. ✅ Apply a small physical-geometry threshold grid (declared first); record all candidates, not just accepted ones.
+6. ✅ Run a chronological state machine:
    - per hand, a FIFO token stack with occupancy timestamps;
    - emit ENTRY / EXIT / UNMATCHED_EXIT / UNRESOLVED_HELD_OR_LOST / AMBIGUOUS_POOL_EXIT.
-7. Cross-check against reviewed contact pairs; do NOT tune to those labels.
-8. Produce the three CSVs; produce a contact-sheet grid for ~10–20 selected events.
-9. Visual QA: read the contact sheets, assign verdicts, log them in `RESULTS_LOG.md`.
-10. Commit, push, write the next concrete next step into `STATE.md`.
+7. ✅ Cross-check against reviewed contact pairs (recorded low recall; the labels are not a hand-test set, see RESULTS_LOG §H1 v1).
+8. ✅ Produce the three CSVs; produce a contact-sheet grid for 21 selected events.
+9. ✅ Visual QA on 4 events via vision; documented 4 distinct failure modes.
+10. ✅ Commit, push, write the next concrete next step into `STATE.md`.
+
+## Second episode (H1 v2)
+
+Sub-steps:
+
+1. Add a token TTL (e.g., 60 frames / 2 sec at 30 fps) so tokens expire if
+   no exit arrives. Emit `EXPIRED_HELD` events. Cap pool depth at 1 for
+   throw-side purposes (if a throw pops a stale token, treat as
+   `UNMATCHED_EXIT`).
+2. Add throw-strictness: require the ball to leave the reach radius within
+   the first 3 observed frames (a real throw gains height fast).
+3. Add wrist-velocity guard: compute per-frame wrist velocity in the throw
+   window; if the wrist moves > 30 px/frame, downgrade throw confidence.
+4. Add catch-context check: a catch is more credible if there was a recent
+   hand event (exit or another catch) on the same hand.
+5. Re-run on both videos; compare counter distributions.
+6. Re-render contact sheets for the same 4 inspected events and verify the
+   failure modes are suppressed.
+7. Add a hand-relevant evaluation subset: gap=0 pairs with both endpoints
+   in hand reach (or all gap=0 pairs).
+8. Document v2 in `h1_v1_report.md` continuation.

╭─ ⚕ Hermes ───────────────────────────────────────────────────────────────────╮
Now let me commit this v1 progress before working on v2.
╰──────────────────────────────────────────────────────────────────────────────╯
  ┊ 💻 preparing terminal…
